m=12 T=90 CS=10 CR=3 order=0 2 4 6 8 10 1 3 5 7 9 11 
LEAF spokes=1,44,2,42,4,38,8,28,13,33,18,45 sum_s=276 sumL=1335 sumL_mod3=0
LEAF spokes=1,40,2,34,4,37,8,28,13,18,23,41 sum_s=249 sumL=1605 sumL_mod3=0
LEAF spokes=1,42,2,43,4,39,8,31,16,26,21,45 sum_s=278 sumL=1315 sumL_mod3=1
LEAF spokes=1,43,2,37,4,39,8,31,16,21,26,46 sum_s=274 sumL=1355 sumL_mod3=2
LEAF spokes=1,44,2,42,4,38,8,33,18,28,13,45 sum_s=276 sumL=1335 sumL_mod3=0
LEAF spokes=1,43,2,37,4,40,8,23,18,13,31,44 sum_s=264 sumL=1455 sumL_mod3=0
LEAF spokes=1,43,2,44,4,40,8,32,22,27,17,46 sum_s=286 sumL=1235 sumL_mod3=2
LEAF spokes=1,44,2,42,4,38,8,28,23,18,13,45 sum_s=266 sumL=1435 sumL_mod3=1
LEAF spokes=1,43,2,44,4,40,8,34,24,29,15,46 sum_s=290 sumL=1195 sumL_mod3=1
LEAF spokes=1,43,2,44,4,40,8,34,24,15,29,46 sum_s=290 sumL=1195 sumL_mod3=1
LEAF spokes=1,40,2,37,4,41,8,15,26,31,21,49 sum_s=275 sumL=1345 sumL_mod3=1
LEAF spokes=1,44,2,42,4,38,8,33,28,23,13,45 sum_s=281 sumL=1285 sumL_mod3=1
LEAF spokes=1,44,2,42,4,38,8,13,28,18,33,45 sum_s=276 sumL=1335 sumL_mod3=0
LEAF spokes=1,44,2,42,4,38,8,18,33,13,28,45 sum_s=276 sumL=1335 sumL_mod3=0
LEAF spokes=1,44,2,41,4,37,9,32,26,20,14,45 sum_s=275 sumL=1345 sumL_mod3=1
LEAF spokes=1,41,2,42,4,38,10,32,20,27,15,44 sum_s=276 sumL=1335 sumL_mod3=0
LEAF spokes=1,43,2,44,4,40,10,34,22,29,15,46 sum_s=290 sumL=1195 sumL_mod3=1
LEAF spokes=1,43,2,44,4,40,10,34,22,15,29,46 sum_s=290 sumL=1195 sumL_mod3=1
LEAF spokes=1,28,2,26,11,15,19,7,23,61,58,29 sum_s=280 sumL=1295 sumL_mod3=2
LEAF spokes=1,44,2,42,4,38,13,33,8,28,18,45 sum_s=276 sumL=1335 sumL_mod3=0
LEAF spokes=1,44,2,42,4,38,13,33,8,18,28,45 sum_s=276 sumL=1335 sumL_mod3=0
LEAF spokes=1,40,2,38,4,49,14,23,28,33,8,41 sum_s=281 sumL=1285 sumL_mod3=1
LEAF spokes=1,43,2,41,4,37,15,30,8,25,20,44 sum_s=270 sumL=1395 sumL_mod3=0
LEAF spokes=1,43,2,41,4,37,15,30,8,20,25,44 sum_s=270 sumL=1395 sumL_mod3=0
LEAF spokes=1,36,2,42,8,48,30,20,25,15,4,39 sum_s=270 sumL=1395 sumL_mod3=0
LEAF spokes=1,39,2,37,4,33,18,23,28,48,8,40 sum_s=281 sumL=1285 sumL_mod3=1
LEAF spokes=1,44,2,42,4,15,19,25,31,9,37,45 sum_s=274 sumL=1355 sumL_mod3=2
LEAF spokes=1,43,2,41,4,37,20,25,15,30,8,44 sum_s=270 sumL=1395 sumL_mod3=0
LEAF spokes=1,44,2,42,4,38,23,28,8,33,13,45 sum_s=281 sumL=1285 sumL_mod3=1
LEAF spokes=1,44,2,42,4,21,25,31,9,37,15,45 sum_s=276 sumL=1335 sumL_mod3=0
LEAF spokes=1,43,2,41,4,30,25,20,15,35,8,44 sum_s=268 sumL=1415 sumL_mod3=2
LEAF spokes=1,43,2,41,4,37,25,20,15,30,8,44 sum_s=270 sumL=1395 sumL_mod3=0
LEAF spokes=1,44,2,42,4,21,25,37,15,31,9,45 sum_s=276 sumL=1335 sumL_mod3=0
LEAF spokes=1,44,2,42,4,21,25,9,31,15,37,45 sum_s=276 sumL=1335 sumL_mod3=0
LEAF spokes=1,44,2,42,4,21,25,15,37,9,31,45 sum_s=276 sumL=1335 sumL_mod3=0
LEAF spokes=1,40,2,38,23,28,14,49,4,33,8,41 sum_s=281 sumL=1285 sumL_mod3=1
LEAF spokes=1,44,2,42,4,21,31,15,25,37,9,45 sum_s=276 sumL=1335 sumL_mod3=0
LEAF spokes=1,44,2,42,4,15,31,9,25,19,37,45 sum_s=274 sumL=1355 sumL_mod3=2
LEAF spokes=1,44,2,42,4,21,31,15,25,9,37,45 sum_s=276 sumL=1335 sumL_mod3=0
LEAF spokes=1,44,2,14,20,26,32,9,37,4,41,45 sum_s=275 sumL=1345 sumL_mod3=1
LEAF spokes=1,43,2,41,4,8,35,15,20,25,30,44 sum_s=268 sumL=1415 sumL_mod3=2
LEAF spokes=1,41,2,39,33,8,23,18,13,30,4,42 sum_s=254 sumL=1555 sumL_mod3=1
LEAF spokes=1,42,2,44,30,16,36,10,27,5,23,46 sum_s=282 sumL=1275 sumL_mod3=0
LEAF spokes=1,30,2,56,58,14,10,22,18,7,25,31 sum_s=274 sumL=1355 sumL_mod3=2
LEAF spokes=1,44,3,42,7,38,15,30,20,25,46,45 sum_s=316 sumL=935 sumL_mod3=2
LEAF spokes=1,44,3,42,7,38,15,30,25,20,46,45 sum_s=316 sumL=935 sumL_mod3=2
LEAF spokes=1,39,2,48,50,20,30,6,23,27,35,40 sum_s=321 sumL=885 sumL_mod3=0
LEAF spokes=1,44,3,42,14,31,25,19,37,10,46,45 sum_s=317 sumL=925 sumL_mod3=1
LEAF spokes=1,43,4,39,2,37,8,31,16,21,26,46 sum_s=274 sumL=1355 sumL_mod3=2
LEAF spokes=1,42,4,39,8,31,16,26,21,45,2,43 sum_s=278 sumL=1315 sumL_mod3=1
LEAF spokes=1,41,4,38,10,32,20,27,15,44,2,42 sum_s=276 sumL=1335 sumL_mod3=0
LEAF spokes=1,43,4,40,10,34,22,29,15,46,2,44 sum_s=290 sumL=1195 sumL_mod3=1
LEAF spokes=1,43,4,40,10,34,22,15,29,46,2,44 sum_s=290 sumL=1195 sumL_mod3=1
LEAF spokes=1,43,4,40,8,32,22,27,17,46,2,44 sum_s=286 sumL=1235 sumL_mod3=2
LEAF spokes=1,43,4,40,8,34,24,29,15,46,2,44 sum_s=290 sumL=1195 sumL_mod3=1
LEAF spokes=1,43,4,40,8,34,24,15,29,46,2,44 sum_s=290 sumL=1195 sumL_mod3=1
LEAF spokes=1,39,4,35,15,20,25,30,2,48,8,42 sum_s=269 sumL=1405 sumL_mod3=1
LEAF spokes=1,39,4,35,15,20,25,30,48,2,8,42 sum_s=269 sumL=1405 sumL_mod3=1
LEAF spokes=1,37,4,41,23,18,13,28,8,34,2,40 sum_s=249 sumL=1605 sumL_mod3=0
LEAF spokes=1,40,4,44,31,13,18,23,8,37,2,43 sum_s=264 sumL=1455 sumL_mod3=0
LEAF spokes=1,33,8,23,18,13,30,42,4,39,2,41 sum_s=254 sumL=1555 sumL_mod3=1
LEAF spokes=1,25,8,50,48,2,28,22,18,32,13,37 sum_s=284 sumL=1255 sumL_mod3=1
LEAF spokes=1,20,9,23,29,27,2,33,17,12,57,52 sum_s=282 sumL=1275 sumL_mod3=0
LEAF spokes=1,22,10,19,16,13,29,27,2,54,58,34 sum_s=285 sumL=1245 sumL_mod3=0
LEAF spokes=1,36,10,42,2,44,30,16,27,5,23,46 sum_s=282 sumL=1275 sumL_mod3=0
LEAF spokes=1,30,10,22,2,56,58,14,18,7,25,31 sum_s=274 sumL=1355 sumL_mod3=2
LEAF spokes=1,36,11,21,26,31,8,39,47,45,2,43 sum_s=310 sumL=995 sumL_mod3=2
LEAF spokes=1,36,11,16,21,26,39,8,47,45,2,43 sum_s=295 sumL=1145 sumL_mod3=2
LEAF spokes=1,7,13,30,10,33,19,35,8,43,51,47 sum_s=297 sumL=1125 sumL_mod3=0
LEAF spokes=1,25,13,37,8,50,48,2,28,22,18,32 sum_s=284 sumL=1255 sumL_mod3=1
LEAF spokes=1,44,16,26,21,31,8,38,4,42,2,45 sum_s=278 sumL=1315 sumL_mod3=1
LEAF spokes=1,41,19,4,16,30,10,36,23,46,2,44 sum_s=272 sumL=1375 sumL_mod3=1
LEAF spokes=1,26,21,16,31,8,37,2,39,4,43,46 sum_s=274 sumL=1355 sumL_mod3=2
LEAF spokes=1,26,21,16,31,8,39,4,37,2,43,46 sum_s=274 sumL=1355 sumL_mod3=2
LEAF spokes=1,39,23,27,2,48,50,20,30,6,35,40 sum_s=321 sumL=885 sumL_mod3=0
LEAF spokes=1,15,25,20,30,48,8,42,2,36,4,39 sum_s=270 sumL=1395 sumL_mod3=0
LEAF spokes=1,15,25,20,30,8,48,2,42,36,4,39 sum_s=270 sumL=1395 sumL_mod3=0
LEAF spokes=1,40,26,15,49,21,31,2,33,4,37,41 sum_s=300 sumL=1095 sumL_mod3=0
LEAF spokes=1,22,27,15,41,8,32,49,4,38,2,40 sum_s=279 sumL=1305 sumL_mod3=0
progress 2000/55300 tasks, 21s, sols_in_task=0
LEAF spokes=1,2,33,12,37,23,16,29,42,3,45,48 sum_s=291 sumL=1185 sumL_mod3=0
LEAF spokes=1,2,37,23,12,33,16,29,42,3,45,48 sum_s=291 sumL=1185 sumL_mod3=0
LEAF spokes=1,40,37,4,33,2,31,21,49,15,26,41 sum_s=300 sumL=1095 sumL_mod3=0
LEAF spokes=1,2,43,47,3,36,20,25,15,30,9,39 sum_s=270 sumL=1395 sumL_mod3=0
LEAF spokes=1,36,42,2,48,8,30,20,25,15,4,39 sum_s=270 sumL=1395 sumL_mod3=0
LEAF spokes=1,2,43,39,9,30,15,25,20,36,3,47 sum_s=270 sumL=1395 sumL_mod3=0
LEAF spokes=1,2,43,25,20,36,3,47,15,30,9,39 sum_s=270 sumL=1395 sumL_mod3=0
LEAF spokes=1,7,47,51,43,8,35,13,30,10,33,19 sum_s=297 sumL=1125 sumL_mod3=0
LEAF spokes=2,44,3,43,10,36,4,21,25,30,16,46 sum_s=280 sumL=1295 sumL_mod3=2
LEAF spokes=2,44,3,43,10,36,4,21,25,16,30,46 sum_s=280 sumL=1295 sumL_mod3=2
LEAF spokes=2,42,3,43,10,36,16,30,25,21,46,44 sum_s=318 sumL=915 sumL_mod3=0
LEAF spokes=2,44,3,43,16,30,10,36,4,21,25,46 sum_s=280 sumL=1295 sumL_mod3=2
LEAF spokes=2,42,3,43,10,36,16,30,46,21,25,44 sum_s=318 sumL=915 sumL_mod3=0
LEAF spokes=2,44,3,43,16,30,10,36,25,21,4,46 sum_s=280 sumL=1295 sumL_mod3=2
LEAF spokes=2,41,3,38,10,31,17,46,26,22,4,44 sum_s=284 sumL=1255 sumL_mod3=1
LEAF spokes=2,44,3,43,16,30,25,21,4,36,10,46 sum_s=280 sumL=1295 sumL_mod3=2
LEAF spokes=2,44,3,43,4,21,25,36,10,30,16,46 sum_s=280 sumL=1295 sumL_mod3=2
LEAF spokes=2,44,3,43,4,21,25,16,30,10,36,46 sum_s=280 sumL=1295 sumL_mod3=2
LEAF spokes=2,44,3,43,25,21,4,36,10,30,16,46 sum_s=280 sumL=1295 sumL_mod3=2
LEAF spokes=2,44,3,43,25,21,4,36,10,16,30,46 sum_s=280 sumL=1295 sumL_mod3=2
LEAF spokes=2,44,3,43,25,21,4,16,30,10,36,46 sum_s=280 sumL=1295 sumL_mod3=2
LEAF spokes=2,44,3,43,30,16,10,36,4,21,25,46 sum_s=280 sumL=1295 sumL_mod3=2
LEAF spokes=2,44,3,43,30,16,25,21,4,36,10,46 sum_s=280 sumL=1295 sumL_mod3=2
LEAF spokes=2,42,3,43,25,21,46,30,16,36,10,44 sum_s=318 sumL=915 sumL_mod3=0
LEAF spokes=2,42,3,43,25,21,46,10,36,16,30,44 sum_s=318 sumL=915 sumL_mod3=0
LEAF spokes=2,42,3,43,30,16,36,10,25,21,46,44 sum_s=318 sumL=915 sumL_mod3=0
LEAF spokes=2,42,3,43,30,16,36,10,46,21,25,44 sum_s=318 sumL=915 sumL_mod3=0
LEAF spokes=2,44,3,43,36,10,30,16,4,21,25,46 sum_s=280 sumL=1295 sumL_mod3=2
LEAF spokes=2,44,3,43,36,10,30,16,25,21,4,46 sum_s=280 sumL=1295 sumL_mod3=2
LEAF spokes=2,42,3,43,46,21,25,30,16,36,10,44 sum_s=318 sumL=915 sumL_mod3=0
LEAF spokes=2,42,3,43,46,21,25,10,36,16,30,44 sum_s=318 sumL=915 sumL_mod3=0
progress 3733/55300 tasks, 36s, sols_in_task=1
LEAF spokes=2,44,4,40,8,32,9,39,16,29,19,46 sum_s=288 sumL=1215 sumL_mod3=0
LEAF spokes=2,44,4,40,8,32,9,39,16,19,29,46 sum_s=288 sumL=1215 sumL_mod3=0
LEAF spokes=2,34,4,38,13,8,28,23,16,35,51,52 sum_s=304 sumL=1055 sumL_mod3=2
LEAF spokes=2,43,4,39,8,30,17,27,20,45,38,44 sum_s=317 sumL=925 sumL_mod3=1
LEAF spokes=2,43,4,39,44,38,8,30,17,27,20,45 sum_s=317 sumL=925 sumL_mod3=1
LEAF spokes=2,41,4,12,33,17,28,22,48,45,3,42 sum_s=297 sumL=1125 sumL_mod3=0
LEAF spokes=2,44,4,22,41,3,38,10,31,17,26,46 sum_s=284 sumL=1255 sumL_mod3=1
progress 4000/55300 tasks, 39s, sols_in_task=0
LEAF spokes=2,39,9,46,19,29,16,32,8,40,4,44 sum_s=288 sumL=1215 sumL_mod3=0
LEAF spokes=2,39,9,46,29,19,16,32,8,40,4,44 sum_s=288 sumL=1215 sumL_mod3=0
LEAF spokes=2,44,16,30,10,36,3,43,4,21,25,46 sum_s=280 sumL=1295 sumL_mod3=2
LEAF spokes=2,44,16,30,10,36,25,21,4,43,3,46 sum_s=280 sumL=1295 sumL_mod3=2
LEAF spokes=2,37,17,22,27,32,11,43,51,3,4,39 sum_s=288 sumL=1215 sumL_mod3=0
LEAF spokes=2,17,19,24,32,12,37,6,43,3,46,47 sum_s=288 sumL=1215 sumL_mod3=0
LEAF spokes=2,4,23,16,36,3,37,11,28,6,46,52 sum_s=264 sumL=1455 sumL_mod3=0
LEAF spokes=2,44,25,21,4,43,3,36,10,30,16,46 sum_s=280 sumL=1295 sumL_mod3=2
LEAF spokes=2,44,25,21,4,43,3,16,30,10,36,46 sum_s=280 sumL=1295 sumL_mod3=2
LEAF spokes=2,17,32,12,24,19,37,6,43,3,46,47 sum_s=288 sumL=1215 sumL_mod3=0
LEAF spokes=2,44,36,10,30,16,3,43,4,21,25,46 sum_s=280 sumL=1295 sumL_mod3=2
LEAF spokes=2,44,36,10,30,16,25,21,4,43,3,46 sum_s=280 sumL=1295 sumL_mod3=2
progress 6000/55300 tasks, 56s, sols_in_task=0
LEAF spokes=2,4,41,3,42,49,6,35,15,20,25,30 sum_s=272 sumL=1375 sumL_mod3=1
LEAF spokes=2,4,41,12,33,17,28,22,48,45,3,42 sum_s=297 sumL=1125 sumL_mod3=0
LEAF spokes=3,42,6,43,19,24,29,14,34,7,41,45 sum_s=307 sumL=1025 sumL_mod3=2
LEAF spokes=3,38,6,41,12,29,24,19,34,4,49,47 sum_s=306 sumL=1035 sumL_mod3=0
LEAF spokes=3,41,6,47,12,24,33,20,16,31,5,42 sum_s=280 sumL=1295 sumL_mod3=2
LEAF spokes=3,42,6,43,41,7,34,14,29,24,19,45 sum_s=307 sumL=1025 sumL_mod3=2
LEAF spokes=3,38,12,29,24,19,34,4,49,47,6,41 sum_s=306 sumL=1035 sumL_mod3=0
progress 8000/55300 tasks, 66s, sols_in_task=0
LEAF spokes=3,33,20,24,12,47,6,41,16,31,5,42 sum_s=280 sumL=1295 sumL_mod3=2
progress 10000/55300 tasks, 78s, sols_in_task=0
progress 12000/55300 tasks, 86s, sols_in_task=0
progress 14000/55300 tasks, 94s, sols_in_task=0
progress 16000/55300 tasks, 104s, sols_in_task=0
progress 18000/55300 tasks, 109s, sols_in_task=0
progress 20000/55300 tasks, 115s, sols_in_task=0
progress 22000/55300 tasks, 120s, sols_in_task=0
progress 24000/55300 tasks, 124s, sols_in_task=0
progress 26000/55300 tasks, 127s, sols_in_task=0
progress 28000/55300 tasks, 130s, sols_in_task=0
progress 30000/55300 tasks, 132s, sols_in_task=0
progress 32000/55300 tasks, 134s, sols_in_task=0
progress 34000/55300 tasks, 136s, sols_in_task=0
progress 36000/55300 tasks, 138s, sols_in_task=0
progress 38000/55300 tasks, 139s, sols_in_task=0
progress 40000/55300 tasks, 140s, sols_in_task=0
progress 42000/55300 tasks, 140s, sols_in_task=0
progress 44000/55300 tasks, 140s, sols_in_task=0
progress 46000/55300 tasks, 141s, sols_in_task=0
progress 48000/55300 tasks, 141s, sols_in_task=0
progress 50000/55300 tasks, 141s, sols_in_task=0
progress 52000/55300 tasks, 141s, sols_in_task=0
progress 54000/55300 tasks, 141s, sols_in_task=0
